PIC Macro Assembler Version 2.52    Copyright 1995, microEngineering Labs				Page 1

     1					;
     2					; Brad and Lawrence's PIC test program.
     3					; flashes an LED.
     4					;
     5					; 4:30 PM January 18, 1996
     6					;
     7						maclib 'p64.inc'
     8					
     9					        device  pic16c64,xt_osc,wdt_off,pwrt_off,protect_off
    10					
    11	=0006				leds	=	portb
    12					
    13	0000-				reset
    14					        org     0               ; on reset
    15	0000- 2805			        goto    start
    16					
    17	0001-				intsvc
    18					        org     4               ; on interrupt (we shouldn't get one)
    19	0004- 2805				goto	start
    20					
    21	0005-				start
    22	0005- 1683			        bsf     rp0             ; use register bank 1
    23	0006- 3000			        movlw   00              ; all B is output
    24	0007- 0086			        movwf   trisb
    25					
    26	0008- 1283			        bcf     rp0             ; use register bank 0
    27					
    28	0009-				loop
    29	0009- 30FF			        movlw   0ffh            ; set LEDs on
    30	000A- 0086			        movwf   leds
    31					
    32	000B- 280C				goto	part2		; preserve timing
    33					
    34	000C-				part2
    35	000C- 3000			        movlw   000h            ; set LEDs off
    36	000D- 0086			        movwf   leds
    37					
    38	000E- 2809				goto	loop
    39					
    40					
